╭──────────────────────────────────────────────╮
│ Details                                      │
│ Merge Request                                │
│ Completed work waiting to be merged into     │
│ main                                         │
│                                              │
│ ID:       mr-001                             │
│ Rig:      perch                              │
│ Title:    Add auth feature                   │
│ Status:   pending                            │
│ Worker:   able                               │
│ Branch:   feat/auth                          │
│ Priority: P1                                 │
│                                              │
│ Status                                       │
│   ⚠ conflicts                                │
│   ⚙ claimed by able                          │
│                                              │
│ Issues                                       │
│ ! Merge conflicts detected                   │
╰──────────────────────────────────────────────╯