╭──────────────────────────────────────────────╮
│ Details                                      │
│ Bead (Rig)                                   │
│                                              │
│ ID:       pe-001                             │
│ Title:    Implement TUI panels               │
│ Type:     feature                            │
│ Priority: P1                                 │
│ Status:   ▶ in_progress                      │
│           Agent actively working on this     │
│ issue                                        │
│                                              │
│ Assignee: able                               │
│ Created:  2026-01-06 21:56 by testuser       │
│ Updated:  2026-01-08 19:56                   │
│                                              │
│ Dependencies                                 │
│   Blocked by: 1 issues                       │
│   Blocking:   2 issues                       │
│                                              │
╰──────────────────────────────────────────────╯