╭──────────────────────────────────────────────╮
│ Details                                      │
│ Merge Request                                │
│ Completed work waiting to be merged into     │
│ main                                         │
│                                              │
│ ID:       mr-001                             │
│ Rig:      perch                              │
│ Title:    Add auth feature                   │
│                                              │
│ Status                                       │
│ State:    [pending]                          │
│ Worker:   able                               │
│ Branch:   feat/auth                          │
│ Priority: P1                                 │
│ Checked:  10m ago                            │
│                                              │
│ Blockers                                     │
│ ! Merge conflicts detected                   │
│   src/auth.go: merge conflict                │
╰──────────────────────────────────────────────╯