╭────────────────────────────────────╮
│ Identity                           │
│   (empty)                          │
│ Rigs                               │
│   (no rigs)                        │
│ Convoys [A]                        │
│   Loading convoys...               │
│ Merge Queue                        │
│   Loading queue...                 │
│ Agents (All workers)               │
│   ◌ Services stopped               │
│   Select rig in sidebar, press 'b' │
│ to boot                            │
│ Mail                               │
│   Loading mail...                  │
│ Lifecycle                          │
│   (empty)                          │
│ Worktrees                          │
│   (empty)                          │
│ Plugins                            │
╰────────────────────────────────────╯