╭────────────────────────────────────╮
│ Identity                           │
│   (empty)                          │
│ Rigs (Project workspaces)          │
│ > perch (3pol 2/3hk)               │
│   sidekick (1pol 0/0hk)            │
│ Convoys [A]                        │
│   Loading convoys...               │
│ Merge Queue                        │
│   Loading queue...                 │
│ Agents                             │
│   Loading agents...                │
│ Mail                               │
│   Loading mail...                  │
│ Lifecycle                          │
│   (empty)                          │
│ Worktrees                          │
│   (empty)                          │
│ Plugins                            │
╰────────────────────────────────────╯