╭────────────────────────────────────╮
│ Identity                           │
│   (empty)                          │
│ Rigs                               │
│   (no rigs)                        │
│ Convoys [A] (Batched work)         │
│   Loading convoys...               │
│ Merge Queue                        │
│   Loading queue...                 │
│ Agents                             │
│   Loading agents...                │
│ Mail                               │
│   Loading mail...                  │
│ Lifecycle                          │
│   (empty)                          │
│ Worktrees                          │
│   (empty)                          │
│ Plugins                            │
│   (empty)                          │
╰────────────────────────────────────╯