╭────────────────────────────────────╮
│ Identity                           │
│   (empty)                          │
│ Rigs                               │
│   (no rigs)                        │
│ Convoys [A]                        │
│   Loading convoys...               │
│ Merge Queue                        │
│   Loading queue...                 │
│ Agents                             │
│   Loading agents...                │
│ Mail (2) (Messages)                │
│ > ● [MR] New work assigned         │
│   ○ [OK] Merge complete            │
│ Lifecycle                          │
│   (empty)                          │
│ Worktrees                          │
│   (empty)                          │
│ Plugins                            │
╰────────────────────────────────────╯