╭────────────────────────────────────╮
│ Identity                           │
│   (empty)                          │
│ Rigs                               │
│   (no rigs)                        │
│ Convoys [A]                        │
│   Loading convoys...               │
│ Merge Queue (Pending merges)       │
│   ◌ Refinery stopped               │
│   Select rig, press 'b' to boot    │
│   Queue clear - work landing       │
│   Run 'gt done' to submit work     │
│ Agents                             │
│   Loading agents...                │
│ Mail                               │
│   Loading mail...                  │
│ Lifecycle                          │
│   (empty)                          │
│ Worktrees                          │
╰────────────────────────────────────╯