╭────────────────────────────────────╮
│ Identity (Who you are)             │
│ > testuser                         │
│   abc123 Add initial commit        │
│ Rigs                               │
│   (no rigs)                        │
│ Convoys [A]                        │
│   Loading convoys...               │
│ Merge Queue                        │
│   Loading queue...                 │
│ Agents                             │
│   Loading agents...                │
│ Mail                               │
│   Loading mail...                  │
│ Lifecycle                          │
│   (empty)                          │
│ Worktrees                          │
│   (empty)                          │
│ Plugins                            │
╰────────────────────────────────────╯