╭────────────────────────────────────╮
│ Identity                           │
│   (empty)                          │
│ Rigs                               │
│   (no rigs)                        │
│ Convoys [A]                        │
│   Loading convoys...               │
│ Merge Queue (Pending merges)       │
│ > [perch] Add auth feature         │
│   [perch]~ Fix login bug           │
│ Agents                             │
│   Loading agents...                │
│ Mail                               │
│   Loading mail...                  │
│ Lifecycle                          │
│   (empty)                          │
│ Worktrees                          │
│   (empty)                          │
│ Plugins                            │
╰────────────────────────────────────╯